[0.015s][info][gc] Using Serial
[4.074s][info][gc] GC(0) Pause Young (Allocation Failure) 4M->2M(15M) 5.706ms
[4.226s][info][gc] GC(1) Pause Young (Allocation Failure) 6M->2M(15M) 6.189ms
[4.338s][info][gc] GC(2) Pause Young (Allocation Failure) 7M->4M(15M) 5.341ms
[4.670s][info][gc] GC(3) Pause Young (Allocation Failure) 8M->4M(15M) 3.716ms
[6.320s][info][gc] GC(4) Pause Young (Allocation Failure) 8M->5M(15M) 5.827ms
[39.263s][info][gc] GC(5) Pause Young (Allocation Failure) 9M->5M(15M) 3.046ms
[79.245s][info][gc] GC(6) Pause Young (Allocation Failure) 9M->5M(15M) 1.584ms
[115.273s][info][gc] GC(7) Pause Young (Allocation Failure) 9M->5M(15M) 1.452ms
[124.983s][info][gc] GC(8) Pause Young (Allocation Failure) 9M->7M(15M) 5.176ms
[125.014s][info][gc] GC(9) Pause Young (Allocation Failure) 11M->9M(15M) 6.396ms
[125.036s][info][gc] GC(10) Pause Young (Allocation Failure) 14M->14M(15M) 0.051ms
[125.070s][info][gc] GC(11) Pause Full (Allocation Failure) 14M->8M(15M) 34.587ms
[125.096s][info][gc] GC(12) Pause Young (Allocation Failure) 12M->12M(15M) 0.054ms
[125.128s][info][gc] GC(13) Pause Full (Allocation Failure) 12M->6M(15M) 31.735ms
[125.149s][info][gc] GC(14) Pause Young (Allocation Failure) 11M->9M(15M) 5.446ms
[125.165s][info][gc] GC(15) Pause Young (Allocation Failure) 13M->13M(15M) 0.049ms
[125.192s][info][gc] GC(16) Pause Full (Allocation Failure) 13M->8M(15M) 27.065ms
[152.242s][info][gc] GC(17) Pause Young (Allocation Failure) 12M->8M(15M) 6.484ms
[193.344s][info][gc] GC(18) Pause Young (Allocation Failure) 13M->8M(15M) 0.981ms
[235.381s][info][gc] GC(19) Pause Young (Allocation Failure) 12M->12M(15M) 0.110ms
[235.425s][info][gc] GC(20) Pause Full (Allocation Failure) 12M->4M(15M) 43.994ms
[259.745s][info][gc] GC(21) Pause Young (Allocation Failure) 8M->5M(15M) 2.171ms
[259.764s][info][gc] GC(22) Pause Young (Allocation Failure) 9M->7M(15M) 4.532ms
[259.783s][info][gc] GC(23) Pause Young (Allocation Failure) 11M->9M(15M) 4.562ms
[259.797s][info][gc] GC(24) Pause Young (Allocation Failure) 13M->13M(15M) 0.049ms
[259.836s][info][gc] GC(25) Pause Full (Allocation Failure) 13M->8M(15M) 39.108ms
[259.851s][info][gc] GC(26) Pause Young (Allocation Failure) 13M->13M(15M) 0.047ms
[259.875s][info][gc] GC(27) Pause Full (Allocation Failure) 13M->6M(15M) 24.198ms
[259.895s][info][gc] GC(28) Pause Young (Allocation Failure) 11M->9M(15M) 5.316ms
[271.410s][info][gc] GC(29) Pause Young (Allocation Failure) 13M->13M(15M) 0.111ms
[271.444s][info][gc] GC(30) Pause Full (Allocation Failure) 13M->6M(15M) 33.910ms
[313.300s][info][gc] GC(31) Pause Young (Allocation Failure) 11M->6M(15M) 3.437ms
