[0.016s][info][gc] Using Serial
[1.218s][info][gc] GC(0) Pause Young (Allocation Failure) 3M->1M(11M) 5.007ms
[22.121s][info][gc] GC(1) Pause Young (Allocation Failure) 5M->2M(11M) 4.052ms
[22.254s][info][gc] GC(2) Pause Young (Allocation Failure) 5M->3M(11M) 4.264ms
[22.310s][info][gc] GC(3) Pause Young (Allocation Failure) 6M->3M(11M) 1.665ms
[23.150s][info][gc] GC(4) Pause Young (Allocation Failure) 6M->3M(11M) 1.828ms
[23.536s][info][gc] GC(5) Pause Young (Allocation Failure) 6M->4M(11M) 4.128ms
[34.698s][info][gc] GC(6) Pause Young (Allocation Failure) 7M->4M(11M) 7.166ms
[62.736s][info][gc] GC(7) Pause Young (Allocation Failure) 7M->4M(11M) 2.498ms
[87.747s][info][gc] GC(8) Pause Young (Allocation Failure) 7M->4M(11M) 1.438ms
[108.765s][info][gc] GC(9) Pause Young (Allocation Failure) 7M->5M(11M) 3.054ms
[138.791s][info][gc] GC(10) Pause Young (Allocation Failure) 8M->5M(11M) 1.276ms
[150.701s][info][gc] GC(11) Pause Young (Allocation Failure) 8M->6M(11M) 1.512ms
[150.719s][info][gc] GC(12) Pause Young (Allocation Failure) 9M->6M(11M) 0.848ms
[150.745s][info][gc] GC(13) Pause Young (Allocation Failure) 9M->6M(11M) 0.848ms
[150.751s][info][gc] GC(14) Pause Young (Allocation Failure) 9M->6M(11M) 0.556ms
[150.758s][info][gc] GC(15) Pause Young (Allocation Failure) 9M->7M(11M) 0.593ms
[150.763s][info][gc] GC(16) Pause Young (Allocation Failure) 10M->10M(11M) 0.044ms
[150.785s][info][gc] GC(17) Pause Full (Allocation Failure) 10M->6M(11M) 22.703ms
[150.791s][info][gc] GC(18) Pause Young (Allocation Failure) 9M->7M(11M) 0.576ms
[150.797s][info][gc] GC(19) Pause Young (Allocation Failure) 10M->7M(11M) 0.318ms
[150.801s][info][gc] GC(20) Pause Young (Allocation Failure) 9M->9M(11M) 0.052ms
[150.831s][info][gc] GC(21) Pause Full (Allocation Failure) 9M->7M(11M) 29.221ms
[164.911s][info][gc] GC(22) Pause Young (Allocation Failure) 10M->10M(11M) 0.121ms
[164.938s][info][gc] GC(23) Pause Full (Allocation Failure) 10M->5M(11M) 26.615ms
[173.820s][info][gc] GC(24) Pause Young (Allocation Failure) 8M->5M(11M) 1.058ms
[203.847s][info][gc] GC(25) Pause Young (Allocation Failure) 8M->5M(11M) 1.055ms
[234.463s][info][gc] GC(26) Pause Young (Allocation Failure) 8M->5M(11M) 0.599ms
[255.766s][info][gc] GC(27) Pause Young (Allocation Failure) 8M->5M(11M) 1.088ms
[286.906s][info][gc] GC(28) Pause Young (Allocation Failure) 8M->5M(11M) 1.241ms
[318.423s][info][gc] GC(29) Pause Young (Allocation Failure) 8M->5M(11M) 0.640ms
[339.949s][info][gc] GC(30) Pause Young (Allocation Failure) 8M->6M(11M) 1.357ms
[371.979s][info][gc] GC(31) Pause Young (Allocation Failure) 9M->6M(11M) 1.315ms
[404.004s][info][gc] GC(32) Pause Young (Allocation Failure) 9M->6M(11M) 0.673ms
[435.856s][info][gc] GC(33) Pause Young (Allocation Failure) 9M->6M(11M) 1.288ms
[467.065s][info][gc] GC(34) Pause Young (Allocation Failure) 9M->6M(11M) 1.424ms
